Leyendo archivo: C:\Users\menda\Desktop\Diego\proyectos-programacion\latex-formatter-for-katex\ejemplo.tex
Procesando LaTeX a MDX...
Usando conversor: dvisvgm
Convirtiendo grßfico TikZ 1...
  OK: Guardado como tikz_0.svg
Convirtiendo grßfico TikZ 2...
  OK: Guardado como tikz_1.svg
Guardando resultado en: C:\Users\menda\Desktop\Diego\proyectos-programacion\latex-formatter-for-katex\ejemplo.mdx
Conversion completada!

Resultado (primeras 50 lineas):
--------------------------------------------------
  1: ---
  2: title: "\textbf{TEMA 1"
  3: author: "Diego DÝaz Menda±a"
  4: date: "Fecha"
  5: ---
  6: 
  7: \NoBgThispage 
  8: \maketitle
  9: 
 10: ## Disclaimer
 11: Estos apuntes son un resumen basado en el material proporcionado en la asignatura de ``Anßlisis III''\footnote{Posiblemente la ·nica asignatura de anßlisis que tenga bien puesto el nombre} de la Universidad de Oviedo. Han sido escritos mediante las definiciones y demostraciones explicadas en clase\footnote{Obviamente, no en las TGs ya que no hay porque ``nos fastidian la digesti¾n''}. Todo el contenido ha sido organizado y formulado con fines educativos y no comerciales.\footnote{Recomendamos seguir estos apuntes ya que, seg·n palabras textuales: ``Los del a±o pasado son malÝsimos, es mßs, no habÝa errores sino horrores.''}
 12: 
 13: ## Licencia de uso
 14: Apuntes Anßlisis III - Tema 1 ® 2025 by Diego DÝaz Menda±a is licensed under CC BY-NC-SA 4.0. To view a copy of this license, visit [https://creativecommons.org/licenses/by-nc-sa/4.0/](https://creativecommons.org/licenses/by-nc-sa/4.0/)
 15: 
 16: \newpage
 17: 
 18: \hypersetup{linkcolor=black}
 19: \tableofcontents
 20: \hypersetup{linkcolor=blue}
 21: \newpage
 22: 
 23: ## Notaci¾n y Preliminares
 24: \addcontentsline{toc}{section}{Notaci¾n y Preliminares}
 25: Durante el curso, se usarßn preferiblemente las siguientes notaciones durante las demostraciones y ejercicios\footnote{Porque aquÝ la mayorÝa no serÚis Einstein sino obreros de las matemßticas. Que aquÝ no es como con la princesa, que llega allÝ y la suben en el avi¾n directamente. Vosotros primero tenÚis que limpiar el avi¾n y apretar tornillos.}:
 26: 
 27: - En clase se emplearß la abreviatura *c.* para referirse a *conjuntos*.
 28: - Se emplearß preferiblemente la $N$ para referirse al natural en $R^N$
 29: - En anßlisis en general consideraremos que los naturales empiezan en $1$, aunque en ßlgebra se consideren desde $0$.\footnote{Aunque discutir esto es ``bizantino''} Por lo tanto, emplearemos la notaci¾n $N \cup \{0\}$ cuando queramos incluir el $0$ en los naturales.
 30: 
 31: \newpage
 32: ## Cardinalidad de un conjunto
 33: ### Cardinalidad. Idea intuitiva
 34: Podemos entender la **cardinalidad** de un conjunto $A$ como la cantidad de elementos de $A$. Ademßs, dentro de los conjuntos, podemos distinguir entre dos tipos:
 35: 
 36: - **Conjuntos finitos:** Aquellos conjuntos que tienen un n·mero finito de elementos, es decir, $\exists n \in\mathbb{N} \cup \{0\}$ tal que $\exists$ biyecci¾n entre $A$ y $\{1, 2, \dots, n\}$, esto es:
 37:   \begin{center}
 38:     \begin{tabular}{rcl}
 39:     $\exists \varphi : \{1, 2, \dots, n\}$ & $\longrightarrow$ & $A \neq \emptyset$ \\
 40:     $i$ & $\longmapsto$ & $\varphi(i)$
 41:   \end{tabular}
 42:   \end{center}
 43: - **Conjuntos infinitos:** Aquellos conjuntos para los cuales existe una aplicaci¾n inyectiva $\varphi : \mathbb{N} \longrightarrow A$. De esta forma, podemos distinguir entre:
 44:   \begin{itemize}
 45: - **Conjuntos infinitos numerables:** Aquellos conjuntos $A$ para los cuales existe una biyecci¾n $\varphi : \mathbb{N} \longrightarrow A$.
 46: - **Conjuntos infinitos no numerables:** Aquellos conjuntos $A$ para los cuales existe una aplicaci¾n inyectiva $\varphi : \mathbb{N} \longrightarrow A$ pero no existe ninguna biyecci¾n entre ambos conjuntos.
 47: 
 48: ### Conjuntos numerables y no numerables. Ejemplos
 49: \noindent Podemos plantear algunos ejemplos de conjuntos numerables y no numerables comunes:
 50: 
--------------------------------------------------
Total de lineas: 759
